com\mycompany\pei\Atividades$8.class
com\mycompany\pei\Pei.class
com\mycompany\pei\Perfil$6.class
com\mycompany\pei\Recompensa$7.class
com\mycompany\pei\Perfil$9.class
com\mycompany\pei\Perfil.class
com\mycompany\pei\Recompensa$4.class
conexao\Conexao.class
com\mycompany\pei\Atividades$10.class
com\mycompany\pei\Registro$5.class
com\mycompany\pei\Login$1.class
com\mycompany\pei\Login$4.class
com\mycompany\pei\Pg1$3.class
com\mycompany\pei\Pg1$6.class
mapbd\Confirma.class
com\mycompany\pei\Atividades.class
com\mycompany\pei\Atividades$3.class
com\mycompany\pei\Perfil$1.class
com\mycompany\pei\Login$3.class
com\mycompany\pei\Pg1$2.class
com\mycompany\pei\Recompensa$9.class
com\mycompany\pei\Registro$2.class
com\mycompany\pei\Perfil$7.class
com\mycompany\pei\Recompensa$1.class
com\mycompany\pei\Atividades$2.class
com\mycompany\pei\Atividades$9.class
com\mycompany\pei\Registro$3.class
com\mycompany\pei\Recompensa$8.class
com\mycompany\pei\Login$2.class
com\mycompany\pei\Pg1$1.class
com\mycompany\pei\Pg1$8.class
com\mycompany\pei\Recompensa$2.class
com\mycompany\pei\Recompensa.class
com\mycompany\pei\Login$5.class
com\mycompany\pei\Registro$4.class
com\mycompany\pei\Perfil$2.class
com\mycompany\pei\Registro$7.class
com\mycompany\pei\Atividades$1.class
com\mycompany\pei\Pg1$7.class
com\mycompany\pei\Recompensa$10.class
com\mycompany\pei\Perfil$5.class
com\mycompany\pei\Recompensa$6.class
com\mycompany\pei\Atividades$7.class
com\mycompany\pei\Perfil$10.class
com\mycompany\pei\Registro.class
com\mycompany\pei\Atividades$4.class
com\mycompany\pei\Recompensa$3.class
com\mycompany\pei\Registro$1.class
com\mycompany\pei\Perfil$8.class
com\mycompany\pei\Pg1$5.class
com\mycompany\pei\Atividades$6.class
com\mycompany\pei\Perfil$4.class
com\mycompany\pei\Login.class
com\mycompany\pei\Pg1$4.class
com\mycompany\pei\Pg1.class
objetoacesso\ConfirmaDAO.class
com\mycompany\pei\Atividades$5.class
com\mycompany\pei\Perfil$3.class
com\mycompany\pei\Recompensa$5.class
com\mycompany\pei\Registro$6.class
